// Jest Snapshot v1, https://goo.gl/fbAQLP

exports[`App component renders App 1`] = `
<DocumentFragment>
  <form
    class="SearchBar"
  >
    <input
      value=""
    />
    <button>
      Go
    </button>
  </form>
  <ul />
</DocumentFragment>
`;
