// Jest Snapshot v1, https://goo.gl/fbAQLP

exports[`AlbumTracklist component renders AlbumTracklist 1`] = `
<DocumentFragment>
  <ul />
</DocumentFragment>
`;
