// Jest Snapshot v1, https://goo.gl/fbAQLP

exports[`SearchResults component renders SearchResults 1`] = `
<DocumentFragment>
  <ul>
    Go
  </ul>
</DocumentFragment>
`;
